#-----------------------------------------------------------
# Vivado v2019.1 (64-bit)
# SW Build 2552052 on Fri May 24 14:49:42 MDT 2019
# IP Build 2548770 on Fri May 24 18:01:18 MDT 2019
# Start of session at: Mon May  4 12:45:23 2026
# Process ID: 10984
# Current directory: C:/Users/UnitechSolutions/Documents/Vivado xlinx/bsce24054_lab8/bsce24054_lab8
# Command line: vivado.exe -gui_launcher_event rodinguilauncherevent10892 C:\Users\UnitechSolutions\Documents\Vivado xlinx\bsce24054_lab8\bsce24054_lab8\bsce24054_lab8.xpr
# Log file: C:/Users/UnitechSolutions/Documents/Vivado xlinx/bsce24054_lab8/bsce24054_lab8/vivado.log
# Journal file: C:/Users/UnitechSolutions/Documents/Vivado xlinx/bsce24054_lab8/bsce24054_lab8\vivado.jou
#-----------------------------------------------------------
start_gui
open_project {C:/Users/UnitechSolutions/Documents/Vivado xlinx/bsce24054_lab8/bsce24054_lab8/bsce24054_lab8.xpr}
update_compile_order -fileset sources_1
close [ open {C:/Users/UnitechSolutions/Documents/Vivado xlinx/bsce24054_lab8/bsce24054_lab8/bsce24054_lab8.srcs/sources_1/new/single_cycle.v} w ]
add_files {{C:/Users/UnitechSolutions/Documents/Vivado xlinx/bsce24054_lab8/bsce24054_lab8/bsce24054_lab8.srcs/sources_1/new/single_cycle.v}}
update_compile_order -fileset sources_1
