#-----------------------------------------------------------
# Vivado v2019.1 (64-bit)
# SW Build 2552052 on Fri May 24 14:49:42 MDT 2019
# IP Build 2548770 on Fri May 24 18:01:18 MDT 2019
# Start of session at: Mon May 11 12:44:40 2026
# Process ID: 3948
# Current directory: C:/Users/UnitechSolutions/Documents/Vivado xlinx/bsce24054_lab_8_10_11/bsce24054_lab8
# Command line: vivado.exe -gui_launcher_event rodinguilauncherevent8964 C:\Users\UnitechSolutions\Documents\Vivado xlinx\bsce24054_lab_8_10_11\bsce24054_lab8\bsce24054_lab8.xpr
# Log file: C:/Users/UnitechSolutions/Documents/Vivado xlinx/bsce24054_lab_8_10_11/bsce24054_lab8/vivado.log
# Journal file: C:/Users/UnitechSolutions/Documents/Vivado xlinx/bsce24054_lab_8_10_11/bsce24054_lab8\vivado.jou
#-----------------------------------------------------------
start_gui
open_project {C:/Users/UnitechSolutions/Documents/Vivado xlinx/bsce24054_lab_8_10_11/bsce24054_lab8/bsce24054_lab8.xpr}
INFO: [ProjectBase 1-489] The host OS only allows 260 characters in a normal path. The project is stored in a path with more than 80 characters. If you experience issues with IP, Block Designs, or files not being found, please consider moving the project to a location with a shorter path. Alternately consider using the OS subst command to map part of the path to a drive letter.
Current project path is 'C:/Users/UnitechSolutions/Documents/Vivado xlinx/bsce24054_lab_8_10_11/bsce24054_lab8'
INFO: [Project 1-313] Project file moved from 'C:/Users/UnitechSolutions/Documents/Vivado xlinx/bsce24054_lab8/bsce24054_lab8' since last save.
Scanning sources...
Finished scanning sources
INFO: [IP_Flow 19-234] Refreshing IP repositories
INFO: [IP_Flow 19-1704] No user IP repositories specified
INFO: [IP_Flow 19-2313] Loaded Vivado IP repository 'C:/Xilinx/Vivado/2019.1/data/ip'.
open_project: Time (s): cpu = 00:00:22 ; elapsed = 00:00:15 . Memory (MB): peak = 759.746 ; gain = 181.965
update_compile_order -fileset sources_1
close [ open {C:/Users/UnitechSolutions/Documents/Vivado xlinx/bsce24054_lab_8_10_11/bsce24054_lab8/bsce24054_lab8.srcs/sources_1/new/control.v} w ]
add_files {{C:/Users/UnitechSolutions/Documents/Vivado xlinx/bsce24054_lab_8_10_11/bsce24054_lab8/bsce24054_lab8.srcs/sources_1/new/control.v}}
update_compile_order -fileset sources_1
export_ip_user_files -of_objects  [get_files {{C:/Users/UnitechSolutions/Documents/Vivado xlinx/bsce24054_lab_8_10_11/bsce24054_lab8/bsce24054_lab8.srcs/sources_1/new/testBench.v}}] -no_script -reset -force -quiet
remove_files  {{C:/Users/UnitechSolutions/Documents/Vivado xlinx/bsce24054_lab_8_10_11/bsce24054_lab8/bsce24054_lab8.srcs/sources_1/new/testBench.v}}
close [ open {C:/Users/UnitechSolutions/Documents/Vivado xlinx/bsce24054_lab_8_10_11/bsce24054_lab8/bsce24054_lab8.srcs/sources_1/new/alu_control.v} w ]
add_files {{C:/Users/UnitechSolutions/Documents/Vivado xlinx/bsce24054_lab_8_10_11/bsce24054_lab8/bsce24054_lab8.srcs/sources_1/new/alu_control.v}}
update_compile_order -fileset sources_1
synth_design -rtl -name rtl_1
Command: synth_design -rtl -name rtl_1
Starting synth_design
Using part: xc7vx485tffg1157-1
Top: single_cycle
INFO: [Device 21-403] Loading part xc7vx485tffg1157-1
---------------------------------------------------------------------------------
Starting RTL Elaboration : Time (s): cpu = 00:00:05 ; elapsed = 00:00:05 . Memory (MB): peak = 1377.816 ; gain = 174.883
---------------------------------------------------------------------------------
INFO: [Synth 8-6157] synthesizing module 'single_cycle' [C:/Users/UnitechSolutions/Documents/Vivado xlinx/bsce24054_lab_8_10_11/bsce24054_lab8/bsce24054_lab8.srcs/sources_1/new/single_cycle.v:21]
INFO: [Synth 8-6157] synthesizing module 'pc' [C:/Users/UnitechSolutions/Documents/Vivado xlinx/bsce24054_lab_8_10_11/bsce24054_lab8/bsce24054_lab8.srcs/sources_1/new/program-counterr.v:22]
INFO: [Synth 8-6155] done synthesizing module 'pc' (1#1) [C:/Users/UnitechSolutions/Documents/Vivado xlinx/bsce24054_lab_8_10_11/bsce24054_lab8/bsce24054_lab8.srcs/sources_1/new/program-counterr.v:22]
INFO: [Synth 8-6157] synthesizing module 'instruction_memory' [C:/Users/UnitechSolutions/Documents/Vivado xlinx/bsce24054_lab_8_10_11/bsce24054_lab8/bsce24054_lab8.srcs/sources_1/new/instruction-memory.v:22]
INFO: [Synth 8-6155] done synthesizing module 'instruction_memory' (2#1) [C:/Users/UnitechSolutions/Documents/Vivado xlinx/bsce24054_lab_8_10_11/bsce24054_lab8/bsce24054_lab8.srcs/sources_1/new/instruction-memory.v:22]
INFO: [Synth 8-6157] synthesizing module 'register_file' [C:/Users/UnitechSolutions/Documents/Vivado xlinx/bsce24054_lab_8_10_11/bsce24054_lab8/bsce24054_lab8.srcs/sources_1/new/register.v:22]
INFO: [Synth 8-6155] done synthesizing module 'register_file' (3#1) [C:/Users/UnitechSolutions/Documents/Vivado xlinx/bsce24054_lab_8_10_11/bsce24054_lab8/bsce24054_lab8.srcs/sources_1/new/register.v:22]
INFO: [Synth 8-6157] synthesizing module 'adder_32bit' [C:/Users/UnitechSolutions/Documents/Vivado xlinx/bsce24054_lab_8_10_11/bsce24054_lab8/bsce24054_lab8.srcs/sources_1/new/adder.v:22]
INFO: [Synth 8-6155] done synthesizing module 'adder_32bit' (4#1) [C:/Users/UnitechSolutions/Documents/Vivado xlinx/bsce24054_lab_8_10_11/bsce24054_lab8/bsce24054_lab8.srcs/sources_1/new/adder.v:22]
INFO: [Synth 8-6157] synthesizing module 'imm_gen' [C:/Users/UnitechSolutions/Documents/Vivado xlinx/bsce24054_lab_8_10_11/bsce24054_lab8/bsce24054_lab8.srcs/sources_1/new/imm_gen.v:23]
INFO: [Synth 8-6155] done synthesizing module 'imm_gen' (5#1) [C:/Users/UnitechSolutions/Documents/Vivado xlinx/bsce24054_lab_8_10_11/bsce24054_lab8/bsce24054_lab8.srcs/sources_1/new/imm_gen.v:23]
INFO: [Synth 8-6157] synthesizing module 'shift_left1' [C:/Users/UnitechSolutions/Documents/Vivado xlinx/bsce24054_lab_8_10_11/bsce24054_lab8/bsce24054_lab8.srcs/sources_1/new/shift.v:23]
INFO: [Synth 8-6155] done synthesizing module 'shift_left1' (6#1) [C:/Users/UnitechSolutions/Documents/Vivado xlinx/bsce24054_lab_8_10_11/bsce24054_lab8/bsce24054_lab8.srcs/sources_1/new/shift.v:23]
INFO: [Synth 8-6157] synthesizing module 'mux2_1_32bit' [C:/Users/UnitechSolutions/Documents/Vivado xlinx/bsce24054_lab_8_10_11/bsce24054_lab8/bsce24054_lab8.srcs/sources_1/new/multiplexer.v:22]
INFO: [Synth 8-6155] done synthesizing module 'mux2_1_32bit' (7#1) [C:/Users/UnitechSolutions/Documents/Vivado xlinx/bsce24054_lab_8_10_11/bsce24054_lab8/bsce24054_lab8.srcs/sources_1/new/multiplexer.v:22]
INFO: [Synth 8-6157] synthesizing module 'alu' [C:/Users/UnitechSolutions/Documents/Vivado xlinx/bsce24054_lab_8_10_11/bsce24054_lab8/bsce24054_lab8.srcs/sources_1/new/ALU.v:22]
INFO: [Synth 8-6155] done synthesizing module 'alu' (8#1) [C:/Users/UnitechSolutions/Documents/Vivado xlinx/bsce24054_lab_8_10_11/bsce24054_lab8/bsce24054_lab8.srcs/sources_1/new/ALU.v:22]
INFO: [Synth 8-6157] synthesizing module 'data_memory' [C:/Users/UnitechSolutions/Documents/Vivado xlinx/bsce24054_lab_8_10_11/bsce24054_lab8/bsce24054_lab8.srcs/sources_1/new/data-memory.v:22]
INFO: [Synth 8-6155] done synthesizing module 'data_memory' (9#1) [C:/Users/UnitechSolutions/Documents/Vivado xlinx/bsce24054_lab_8_10_11/bsce24054_lab8/bsce24054_lab8.srcs/sources_1/new/data-memory.v:22]
INFO: [Synth 8-6155] done synthesizing module 'single_cycle' (10#1) [C:/Users/UnitechSolutions/Documents/Vivado xlinx/bsce24054_lab_8_10_11/bsce24054_lab8/bsce24054_lab8.srcs/sources_1/new/single_cycle.v:21]
WARNING: [Synth 8-3331] design data_memory has unconnected port addr[31]
WARNING: [Synth 8-3331] design data_memory has unconnected port addr[30]
WARNING: [Synth 8-3331] design data_memory has unconnected port addr[29]
WARNING: [Synth 8-3331] design data_memory has unconnected port addr[28]
WARNING: [Synth 8-3331] design data_memory has unconnected port addr[27]
WARNING: [Synth 8-3331] design data_memory has unconnected port addr[26]
WARNING: [Synth 8-3331] design data_memory has unconnected port addr[25]
WARNING: [Synth 8-3331] design data_memory has unconnected port addr[24]
WARNING: [Synth 8-3331] design data_memory has unconnected port addr[23]
WARNING: [Synth 8-3331] design data_memory has unconnected port addr[22]
WARNING: [Synth 8-3331] design data_memory has unconnected port addr[21]
WARNING: [Synth 8-3331] design data_memory has unconnected port addr[20]
WARNING: [Synth 8-3331] design data_memory has unconnected port addr[19]
WARNING: [Synth 8-3331] design data_memory has unconnected port addr[18]
WARNING: [Synth 8-3331] design data_memory has unconnected port addr[17]
WARNING: [Synth 8-3331] design data_memory has unconnected port addr[16]
WARNING: [Synth 8-3331] design data_memory has unconnected port addr[15]
WARNING: [Synth 8-3331] design data_memory has unconnected port addr[14]
WARNING: [Synth 8-3331] design data_memory has unconnected port addr[13]
WARNING: [Synth 8-3331] design data_memory has unconnected port addr[12]
WARNING: [Synth 8-3331] design data_memory has unconnected port addr[11]
WARNING: [Synth 8-3331] design data_memory has unconnected port addr[10]
WARNING: [Synth 8-3331] design data_memory has unconnected port addr[9]
WARNING: [Synth 8-3331] design data_memory has unconnected port addr[8]
WARNING: [Synth 8-3331] design data_memory has unconnected port addr[1]
WARNING: [Synth 8-3331] design data_memory has unconnected port addr[0]
WARNING: [Synth 8-3331] design imm_gen has unconnected port instr[19]
WARNING: [Synth 8-3331] design imm_gen has unconnected port instr[18]
WARNING: [Synth 8-3331] design imm_gen has unconnected port instr[17]
WARNING: [Synth 8-3331] design imm_gen has unconnected port instr[16]
WARNING: [Synth 8-3331] design imm_gen has unconnected port instr[15]
WARNING: [Synth 8-3331] design imm_gen has unconnected port instr[14]
WARNING: [Synth 8-3331] design imm_gen has unconnected port instr[13]
WARNING: [Synth 8-3331] design imm_gen has unconnected port instr[12]
WARNING: [Synth 8-3331] design instruction_memory has unconnected port addr[1]
WARNING: [Synth 8-3331] design instruction_memory has unconnected port addr[0]
---------------------------------------------------------------------------------
Finished RTL Elaboration : Time (s): cpu = 00:00:06 ; elapsed = 00:00:06 . Memory (MB): peak = 1441.566 ; gain = 238.633
---------------------------------------------------------------------------------

Report Check Netlist: 
+------+------------------+-------+---------+-------+------------------+
|      |Item              |Errors |Warnings |Status |Description       |
+------+------------------+-------+---------+-------+------------------+
|1     |multi_driven_nets |      0|        0|Passed |Multi driven nets |
+------+------------------+-------+---------+-------+------------------+
---------------------------------------------------------------------------------
Start Handling Custom Attributes
---------------------------------------------------------------------------------
---------------------------------------------------------------------------------
Finished Handling Custom Attributes : Time (s): cpu = 00:00:06 ; elapsed = 00:00:07 . Memory (MB): peak = 1441.566 ; gain = 238.633
---------------------------------------------------------------------------------
---------------------------------------------------------------------------------
Finished RTL Optimization Phase 1 : Time (s): cpu = 00:00:06 ; elapsed = 00:00:07 . Memory (MB): peak = 1441.566 ; gain = 238.633
---------------------------------------------------------------------------------
INFO: [Project 1-570] Preparing netlist for logic optimization

Processing XDC Constraints
Initializing timing engine
Completed Processing XDC Constraints

INFO: [Opt 31-138] Pushed 0 inverter(s) to 0 load pin(s).
Netlist sorting complete. Time (s): cpu = 00:00:00 ; elapsed = 00:00:00 . Memory (MB): peak = 1559.465 ; gain = 0.000
INFO: [Project 1-111] Unisim Transformation Summary:
No Unisim elements were transformed.

RTL Elaboration Complete:  : Time (s): cpu = 00:00:24 ; elapsed = 00:00:16 . Memory (MB): peak = 1611.539 ; gain = 408.605
24 Infos, 36 Warnings, 0 Critical Warnings and 0 Errors encountered.
synth_design completed successfully
synth_design: Time (s): cpu = 00:00:37 ; elapsed = 00:00:31 . Memory (MB): peak = 1611.539 ; gain = 798.227
close_design
update_compile_order -fileset sources_1
synth_design -rtl -name rtl_1
Command: synth_design -rtl -name rtl_1
Starting synth_design
Using part: xc7vx485tffg1157-1
Top: single_cycle
---------------------------------------------------------------------------------
Starting RTL Elaboration : Time (s): cpu = 00:00:05 ; elapsed = 00:00:05 . Memory (MB): peak = 1626.301 ; gain = 0.000
---------------------------------------------------------------------------------
INFO: [Synth 8-6157] synthesizing module 'single_cycle' [C:/Users/UnitechSolutions/Documents/Vivado xlinx/bsce24054_lab_8_10_11/bsce24054_lab8/bsce24054_lab8.srcs/sources_1/new/single_cycle.v:21]
INFO: [Synth 8-6157] synthesizing module 'pc' [C:/Users/UnitechSolutions/Documents/Vivado xlinx/bsce24054_lab_8_10_11/bsce24054_lab8/bsce24054_lab8.srcs/sources_1/new/program-counterr.v:22]
INFO: [Synth 8-6155] done synthesizing module 'pc' (1#1) [C:/Users/UnitechSolutions/Documents/Vivado xlinx/bsce24054_lab_8_10_11/bsce24054_lab8/bsce24054_lab8.srcs/sources_1/new/program-counterr.v:22]
INFO: [Synth 8-6157] synthesizing module 'instruction_memory' [C:/Users/UnitechSolutions/Documents/Vivado xlinx/bsce24054_lab_8_10_11/bsce24054_lab8/bsce24054_lab8.srcs/sources_1/new/instruction-memory.v:22]
INFO: [Synth 8-6155] done synthesizing module 'instruction_memory' (2#1) [C:/Users/UnitechSolutions/Documents/Vivado xlinx/bsce24054_lab_8_10_11/bsce24054_lab8/bsce24054_lab8.srcs/sources_1/new/instruction-memory.v:22]
ERROR: [Synth 8-439] module 'Control' not found [C:/Users/UnitechSolutions/Documents/Vivado xlinx/bsce24054_lab_8_10_11/bsce24054_lab8/bsce24054_lab8.srcs/sources_1/new/single_cycle.v:74]
ERROR: [Synth 8-6156] failed synthesizing module 'single_cycle' [C:/Users/UnitechSolutions/Documents/Vivado xlinx/bsce24054_lab_8_10_11/bsce24054_lab8/bsce24054_lab8.srcs/sources_1/new/single_cycle.v:21]
---------------------------------------------------------------------------------
Finished RTL Elaboration : Time (s): cpu = 00:00:06 ; elapsed = 00:00:06 . Memory (MB): peak = 1626.301 ; gain = 0.000
---------------------------------------------------------------------------------
RTL Elaboration failed
5 Infos, 0 Warnings, 0 Critical Warnings and 3 Errors encountered.
synth_design failed
ERROR: [Vivado_Tcl 4-5] Elaboration failed - please see the console for details
synth_design -rtl -name rtl_1
Command: synth_design -rtl -name rtl_1
Starting synth_design
Using part: xc7vx485tffg1157-1
Top: single_cycle
---------------------------------------------------------------------------------
Starting RTL Elaboration : Time (s): cpu = 00:00:05 ; elapsed = 00:00:05 . Memory (MB): peak = 1626.301 ; gain = 0.000
---------------------------------------------------------------------------------
INFO: [Synth 8-6157] synthesizing module 'single_cycle' [C:/Users/UnitechSolutions/Documents/Vivado xlinx/bsce24054_lab_8_10_11/bsce24054_lab8/bsce24054_lab8.srcs/sources_1/new/single_cycle.v:21]
INFO: [Synth 8-6157] synthesizing module 'pc' [C:/Users/UnitechSolutions/Documents/Vivado xlinx/bsce24054_lab_8_10_11/bsce24054_lab8/bsce24054_lab8.srcs/sources_1/new/program-counterr.v:22]
INFO: [Synth 8-6155] done synthesizing module 'pc' (1#1) [C:/Users/UnitechSolutions/Documents/Vivado xlinx/bsce24054_lab_8_10_11/bsce24054_lab8/bsce24054_lab8.srcs/sources_1/new/program-counterr.v:22]
INFO: [Synth 8-6157] synthesizing module 'instruction_memory' [C:/Users/UnitechSolutions/Documents/Vivado xlinx/bsce24054_lab_8_10_11/bsce24054_lab8/bsce24054_lab8.srcs/sources_1/new/instruction-memory.v:22]
INFO: [Synth 8-6155] done synthesizing module 'instruction_memory' (2#1) [C:/Users/UnitechSolutions/Documents/Vivado xlinx/bsce24054_lab_8_10_11/bsce24054_lab8/bsce24054_lab8.srcs/sources_1/new/instruction-memory.v:22]
INFO: [Synth 8-6157] synthesizing module 'control' [C:/Users/UnitechSolutions/Documents/Vivado xlinx/bsce24054_lab_8_10_11/bsce24054_lab8/bsce24054_lab8.srcs/sources_1/new/control.v:23]
INFO: [Synth 8-155] case statement is not full and has no default [C:/Users/UnitechSolutions/Documents/Vivado xlinx/bsce24054_lab_8_10_11/bsce24054_lab8/bsce24054_lab8.srcs/sources_1/new/control.v:45]
INFO: [Synth 8-6155] done synthesizing module 'control' (3#1) [C:/Users/UnitechSolutions/Documents/Vivado xlinx/bsce24054_lab_8_10_11/bsce24054_lab8/bsce24054_lab8.srcs/sources_1/new/control.v:23]
INFO: [Synth 8-6157] synthesizing module 'register_file' [C:/Users/UnitechSolutions/Documents/Vivado xlinx/bsce24054_lab_8_10_11/bsce24054_lab8/bsce24054_lab8.srcs/sources_1/new/register.v:22]
INFO: [Synth 8-6155] done synthesizing module 'register_file' (4#1) [C:/Users/UnitechSolutions/Documents/Vivado xlinx/bsce24054_lab_8_10_11/bsce24054_lab8/bsce24054_lab8.srcs/sources_1/new/register.v:22]
INFO: [Synth 8-6157] synthesizing module 'adder_32bit' [C:/Users/UnitechSolutions/Documents/Vivado xlinx/bsce24054_lab_8_10_11/bsce24054_lab8/bsce24054_lab8.srcs/sources_1/new/adder.v:22]
INFO: [Synth 8-6155] done synthesizing module 'adder_32bit' (5#1) [C:/Users/UnitechSolutions/Documents/Vivado xlinx/bsce24054_lab_8_10_11/bsce24054_lab8/bsce24054_lab8.srcs/sources_1/new/adder.v:22]
INFO: [Synth 8-6157] synthesizing module 'imm_gen' [C:/Users/UnitechSolutions/Documents/Vivado xlinx/bsce24054_lab_8_10_11/bsce24054_lab8/bsce24054_lab8.srcs/sources_1/new/imm_gen.v:23]
INFO: [Synth 8-6155] done synthesizing module 'imm_gen' (6#1) [C:/Users/UnitechSolutions/Documents/Vivado xlinx/bsce24054_lab_8_10_11/bsce24054_lab8/bsce24054_lab8.srcs/sources_1/new/imm_gen.v:23]
INFO: [Synth 8-6157] synthesizing module 'shift_left1' [C:/Users/UnitechSolutions/Documents/Vivado xlinx/bsce24054_lab_8_10_11/bsce24054_lab8/bsce24054_lab8.srcs/sources_1/new/shift.v:23]
INFO: [Synth 8-6155] done synthesizing module 'shift_left1' (7#1) [C:/Users/UnitechSolutions/Documents/Vivado xlinx/bsce24054_lab_8_10_11/bsce24054_lab8/bsce24054_lab8.srcs/sources_1/new/shift.v:23]
INFO: [Synth 8-6157] synthesizing module 'mux2_1_32bit' [C:/Users/UnitechSolutions/Documents/Vivado xlinx/bsce24054_lab_8_10_11/bsce24054_lab8/bsce24054_lab8.srcs/sources_1/new/multiplexer.v:22]
INFO: [Synth 8-6155] done synthesizing module 'mux2_1_32bit' (8#1) [C:/Users/UnitechSolutions/Documents/Vivado xlinx/bsce24054_lab_8_10_11/bsce24054_lab8/bsce24054_lab8.srcs/sources_1/new/multiplexer.v:22]
INFO: [Synth 8-6157] synthesizing module 'alu' [C:/Users/UnitechSolutions/Documents/Vivado xlinx/bsce24054_lab_8_10_11/bsce24054_lab8/bsce24054_lab8.srcs/sources_1/new/ALU.v:22]
INFO: [Synth 8-6155] done synthesizing module 'alu' (9#1) [C:/Users/UnitechSolutions/Documents/Vivado xlinx/bsce24054_lab_8_10_11/bsce24054_lab8/bsce24054_lab8.srcs/sources_1/new/ALU.v:22]
INFO: [Synth 8-6157] synthesizing module 'data_memory' [C:/Users/UnitechSolutions/Documents/Vivado xlinx/bsce24054_lab_8_10_11/bsce24054_lab8/bsce24054_lab8.srcs/sources_1/new/data-memory.v:22]
INFO: [Synth 8-6155] done synthesizing module 'data_memory' (10#1) [C:/Users/UnitechSolutions/Documents/Vivado xlinx/bsce24054_lab_8_10_11/bsce24054_lab8/bsce24054_lab8.srcs/sources_1/new/data-memory.v:22]
WARNING: [Synth 8-3848] Net ALUControl in module/entity single_cycle does not have driver. [C:/Users/UnitechSolutions/Documents/Vivado xlinx/bsce24054_lab_8_10_11/bsce24054_lab8/bsce24054_lab8.srcs/sources_1/new/single_cycle.v:147]
INFO: [Synth 8-6155] done synthesizing module 'single_cycle' (11#1) [C:/Users/UnitechSolutions/Documents/Vivado xlinx/bsce24054_lab_8_10_11/bsce24054_lab8/bsce24054_lab8.srcs/sources_1/new/single_cycle.v:21]
WARNING: [Synth 8-3331] design data_memory has unconnected port addr[31]
WARNING: [Synth 8-3331] design data_memory has unconnected port addr[30]
WARNING: [Synth 8-3331] design data_memory has unconnected port addr[29]
WARNING: [Synth 8-3331] design data_memory has unconnected port addr[28]
WARNING: [Synth 8-3331] design data_memory has unconnected port addr[27]
WARNING: [Synth 8-3331] design data_memory has unconnected port addr[26]
WARNING: [Synth 8-3331] design data_memory has unconnected port addr[25]
WARNING: [Synth 8-3331] design data_memory has unconnected port addr[24]
WARNING: [Synth 8-3331] design data_memory has unconnected port addr[23]
WARNING: [Synth 8-3331] design data_memory has unconnected port addr[22]
WARNING: [Synth 8-3331] design data_memory has unconnected port addr[21]
WARNING: [Synth 8-3331] design data_memory has unconnected port addr[20]
WARNING: [Synth 8-3331] design data_memory has unconnected port addr[19]
WARNING: [Synth 8-3331] design data_memory has unconnected port addr[18]
WARNING: [Synth 8-3331] design data_memory has unconnected port addr[17]
WARNING: [Synth 8-3331] design data_memory has unconnected port addr[16]
WARNING: [Synth 8-3331] design data_memory has unconnected port addr[15]
WARNING: [Synth 8-3331] design data_memory has unconnected port addr[14]
WARNING: [Synth 8-3331] design data_memory has unconnected port addr[13]
WARNING: [Synth 8-3331] design data_memory has unconnected port addr[12]
WARNING: [Synth 8-3331] design data_memory has unconnected port addr[11]
WARNING: [Synth 8-3331] design data_memory has unconnected port addr[10]
WARNING: [Synth 8-3331] design data_memory has unconnected port addr[9]
WARNING: [Synth 8-3331] design data_memory has unconnected port addr[8]
WARNING: [Synth 8-3331] design data_memory has unconnected port addr[1]
WARNING: [Synth 8-3331] design data_memory has unconnected port addr[0]
WARNING: [Synth 8-3331] design imm_gen has unconnected port instr[19]
WARNING: [Synth 8-3331] design imm_gen has unconnected port instr[18]
WARNING: [Synth 8-3331] design imm_gen has unconnected port instr[17]
WARNING: [Synth 8-3331] design imm_gen has unconnected port instr[16]
WARNING: [Synth 8-3331] design imm_gen has unconnected port instr[15]
WARNING: [Synth 8-3331] design imm_gen has unconnected port instr[14]
WARNING: [Synth 8-3331] design imm_gen has unconnected port instr[13]
WARNING: [Synth 8-3331] design imm_gen has unconnected port instr[12]
WARNING: [Synth 8-3331] design instruction_memory has unconnected port addr[1]
WARNING: [Synth 8-3331] design instruction_memory has unconnected port addr[0]
---------------------------------------------------------------------------------
Finished RTL Elaboration : Time (s): cpu = 00:00:06 ; elapsed = 00:00:06 . Memory (MB): peak = 1626.301 ; gain = 0.000
---------------------------------------------------------------------------------

Report Check Netlist: 
+------+------------------+-------+---------+-------+------------------+
|      |Item              |Errors |Warnings |Status |Description       |
+------+------------------+-------+---------+-------+------------------+
|1     |multi_driven_nets |      0|        0|Passed |Multi driven nets |
+------+------------------+-------+---------+-------+------------------+
---------------------------------------------------------------------------------
Start Handling Custom Attributes
---------------------------------------------------------------------------------
---------------------------------------------------------------------------------
Finished Handling Custom Attributes : Time (s): cpu = 00:00:06 ; elapsed = 00:00:06 . Memory (MB): peak = 1626.301 ; gain = 0.000
---------------------------------------------------------------------------------
---------------------------------------------------------------------------------
Finished RTL Optimization Phase 1 : Time (s): cpu = 00:00:06 ; elapsed = 00:00:06 . Memory (MB): peak = 1626.301 ; gain = 0.000
---------------------------------------------------------------------------------
INFO: [Project 1-570] Preparing netlist for logic optimization

Processing XDC Constraints
Initializing timing engine
Completed Processing XDC Constraints

INFO: [Opt 31-138] Pushed 0 inverter(s) to 0 load pin(s).
Netlist sorting complete. Time (s): cpu = 00:00:00 ; elapsed = 00:00:00.001 . Memory (MB): peak = 1713.953 ; gain = 0.000
INFO: [Project 1-111] Unisim Transformation Summary:
No Unisim elements were transformed.

RTL Elaboration Complete:  : Time (s): cpu = 00:00:17 ; elapsed = 00:00:12 . Memory (MB): peak = 1721.246 ; gain = 94.945
26 Infos, 37 Warnings, 0 Critical Warnings and 0 Errors encountered.
synth_design completed successfully
synth_design: Time (s): cpu = 00:00:17 ; elapsed = 00:00:12 . Memory (MB): peak = 1721.246 ; gain = 94.945
close_design
synth_design -rtl -name rtl_1
Command: synth_design -rtl -name rtl_1
Starting synth_design
Using part: xc7vx485tffg1157-1
Top: single_cycle
---------------------------------------------------------------------------------
Starting RTL Elaboration : Time (s): cpu = 00:00:05 ; elapsed = 00:00:04 . Memory (MB): peak = 1799.316 ; gain = 0.000
---------------------------------------------------------------------------------
INFO: [Synth 8-6157] synthesizing module 'single_cycle' [C:/Users/UnitechSolutions/Documents/Vivado xlinx/bsce24054_lab_8_10_11/bsce24054_lab8/bsce24054_lab8.srcs/sources_1/new/single_cycle.v:21]
INFO: [Synth 8-6157] synthesizing module 'pc' [C:/Users/UnitechSolutions/Documents/Vivado xlinx/bsce24054_lab_8_10_11/bsce24054_lab8/bsce24054_lab8.srcs/sources_1/new/program-counterr.v:22]
INFO: [Synth 8-6155] done synthesizing module 'pc' (1#1) [C:/Users/UnitechSolutions/Documents/Vivado xlinx/bsce24054_lab_8_10_11/bsce24054_lab8/bsce24054_lab8.srcs/sources_1/new/program-counterr.v:22]
INFO: [Synth 8-6157] synthesizing module 'instruction_memory' [C:/Users/UnitechSolutions/Documents/Vivado xlinx/bsce24054_lab_8_10_11/bsce24054_lab8/bsce24054_lab8.srcs/sources_1/new/instruction-memory.v:22]
INFO: [Synth 8-6155] done synthesizing module 'instruction_memory' (2#1) [C:/Users/UnitechSolutions/Documents/Vivado xlinx/bsce24054_lab_8_10_11/bsce24054_lab8/bsce24054_lab8.srcs/sources_1/new/instruction-memory.v:22]
INFO: [Synth 8-6157] synthesizing module 'control' [C:/Users/UnitechSolutions/Documents/Vivado xlinx/bsce24054_lab_8_10_11/bsce24054_lab8/bsce24054_lab8.srcs/sources_1/new/control.v:23]
INFO: [Synth 8-155] case statement is not full and has no default [C:/Users/UnitechSolutions/Documents/Vivado xlinx/bsce24054_lab_8_10_11/bsce24054_lab8/bsce24054_lab8.srcs/sources_1/new/control.v:45]
INFO: [Synth 8-6155] done synthesizing module 'control' (3#1) [C:/Users/UnitechSolutions/Documents/Vivado xlinx/bsce24054_lab_8_10_11/bsce24054_lab8/bsce24054_lab8.srcs/sources_1/new/control.v:23]
INFO: [Synth 8-6157] synthesizing module 'register_file' [C:/Users/UnitechSolutions/Documents/Vivado xlinx/bsce24054_lab_8_10_11/bsce24054_lab8/bsce24054_lab8.srcs/sources_1/new/register.v:22]
INFO: [Synth 8-6155] done synthesizing module 'register_file' (4#1) [C:/Users/UnitechSolutions/Documents/Vivado xlinx/bsce24054_lab_8_10_11/bsce24054_lab8/bsce24054_lab8.srcs/sources_1/new/register.v:22]
INFO: [Synth 8-6157] synthesizing module 'adder_32bit' [C:/Users/UnitechSolutions/Documents/Vivado xlinx/bsce24054_lab_8_10_11/bsce24054_lab8/bsce24054_lab8.srcs/sources_1/new/adder.v:22]
INFO: [Synth 8-6155] done synthesizing module 'adder_32bit' (5#1) [C:/Users/UnitechSolutions/Documents/Vivado xlinx/bsce24054_lab_8_10_11/bsce24054_lab8/bsce24054_lab8.srcs/sources_1/new/adder.v:22]
INFO: [Synth 8-6157] synthesizing module 'imm_gen' [C:/Users/UnitechSolutions/Documents/Vivado xlinx/bsce24054_lab_8_10_11/bsce24054_lab8/bsce24054_lab8.srcs/sources_1/new/imm_gen.v:23]
INFO: [Synth 8-6155] done synthesizing module 'imm_gen' (6#1) [C:/Users/UnitechSolutions/Documents/Vivado xlinx/bsce24054_lab_8_10_11/bsce24054_lab8/bsce24054_lab8.srcs/sources_1/new/imm_gen.v:23]
INFO: [Synth 8-6157] synthesizing module 'shift_left1' [C:/Users/UnitechSolutions/Documents/Vivado xlinx/bsce24054_lab_8_10_11/bsce24054_lab8/bsce24054_lab8.srcs/sources_1/new/shift.v:23]
INFO: [Synth 8-6155] done synthesizing module 'shift_left1' (7#1) [C:/Users/UnitechSolutions/Documents/Vivado xlinx/bsce24054_lab_8_10_11/bsce24054_lab8/bsce24054_lab8.srcs/sources_1/new/shift.v:23]
INFO: [Synth 8-6157] synthesizing module 'mux2_1_32bit' [C:/Users/UnitechSolutions/Documents/Vivado xlinx/bsce24054_lab_8_10_11/bsce24054_lab8/bsce24054_lab8.srcs/sources_1/new/multiplexer.v:22]
INFO: [Synth 8-6155] done synthesizing module 'mux2_1_32bit' (8#1) [C:/Users/UnitechSolutions/Documents/Vivado xlinx/bsce24054_lab_8_10_11/bsce24054_lab8/bsce24054_lab8.srcs/sources_1/new/multiplexer.v:22]
INFO: [Synth 8-6157] synthesizing module 'alu' [C:/Users/UnitechSolutions/Documents/Vivado xlinx/bsce24054_lab_8_10_11/bsce24054_lab8/bsce24054_lab8.srcs/sources_1/new/ALU.v:22]
INFO: [Synth 8-6155] done synthesizing module 'alu' (9#1) [C:/Users/UnitechSolutions/Documents/Vivado xlinx/bsce24054_lab_8_10_11/bsce24054_lab8/bsce24054_lab8.srcs/sources_1/new/ALU.v:22]
INFO: [Synth 8-6157] synthesizing module 'data_memory' [C:/Users/UnitechSolutions/Documents/Vivado xlinx/bsce24054_lab_8_10_11/bsce24054_lab8/bsce24054_lab8.srcs/sources_1/new/data-memory.v:22]
INFO: [Synth 8-6155] done synthesizing module 'data_memory' (10#1) [C:/Users/UnitechSolutions/Documents/Vivado xlinx/bsce24054_lab_8_10_11/bsce24054_lab8/bsce24054_lab8.srcs/sources_1/new/data-memory.v:22]
INFO: [Synth 8-6155] done synthesizing module 'single_cycle' (11#1) [C:/Users/UnitechSolutions/Documents/Vivado xlinx/bsce24054_lab_8_10_11/bsce24054_lab8/bsce24054_lab8.srcs/sources_1/new/single_cycle.v:21]
WARNING: [Synth 8-3331] design data_memory has unconnected port addr[31]
WARNING: [Synth 8-3331] design data_memory has unconnected port addr[30]
WARNING: [Synth 8-3331] design data_memory has unconnected port addr[29]
WARNING: [Synth 8-3331] design data_memory has unconnected port addr[28]
WARNING: [Synth 8-3331] design data_memory has unconnected port addr[27]
WARNING: [Synth 8-3331] design data_memory has unconnected port addr[26]
WARNING: [Synth 8-3331] design data_memory has unconnected port addr[25]
WARNING: [Synth 8-3331] design data_memory has unconnected port addr[24]
WARNING: [Synth 8-3331] design data_memory has unconnected port addr[23]
WARNING: [Synth 8-3331] design data_memory has unconnected port addr[22]
WARNING: [Synth 8-3331] design data_memory has unconnected port addr[21]
WARNING: [Synth 8-3331] design data_memory has unconnected port addr[20]
WARNING: [Synth 8-3331] design data_memory has unconnected port addr[19]
WARNING: [Synth 8-3331] design data_memory has unconnected port addr[18]
WARNING: [Synth 8-3331] design data_memory has unconnected port addr[17]
WARNING: [Synth 8-3331] design data_memory has unconnected port addr[16]
WARNING: [Synth 8-3331] design data_memory has unconnected port addr[15]
WARNING: [Synth 8-3331] design data_memory has unconnected port addr[14]
WARNING: [Synth 8-3331] design data_memory has unconnected port addr[13]
WARNING: [Synth 8-3331] design data_memory has unconnected port addr[12]
WARNING: [Synth 8-3331] design data_memory has unconnected port addr[11]
WARNING: [Synth 8-3331] design data_memory has unconnected port addr[10]
WARNING: [Synth 8-3331] design data_memory has unconnected port addr[9]
WARNING: [Synth 8-3331] design data_memory has unconnected port addr[8]
WARNING: [Synth 8-3331] design data_memory has unconnected port addr[1]
WARNING: [Synth 8-3331] design data_memory has unconnected port addr[0]
WARNING: [Synth 8-3331] design imm_gen has unconnected port instr[19]
WARNING: [Synth 8-3331] design imm_gen has unconnected port instr[18]
WARNING: [Synth 8-3331] design imm_gen has unconnected port instr[17]
WARNING: [Synth 8-3331] design imm_gen has unconnected port instr[16]
WARNING: [Synth 8-3331] design imm_gen has unconnected port instr[15]
WARNING: [Synth 8-3331] design imm_gen has unconnected port instr[14]
WARNING: [Synth 8-3331] design imm_gen has unconnected port instr[13]
WARNING: [Synth 8-3331] design imm_gen has unconnected port instr[12]
WARNING: [Synth 8-3331] design instruction_memory has unconnected port addr[1]
WARNING: [Synth 8-3331] design instruction_memory has unconnected port addr[0]
---------------------------------------------------------------------------------
Finished RTL Elaboration : Time (s): cpu = 00:00:06 ; elapsed = 00:00:06 . Memory (MB): peak = 1799.316 ; gain = 0.000
---------------------------------------------------------------------------------

Report Check Netlist: 
+------+------------------+-------+---------+-------+------------------+
|      |Item              |Errors |Warnings |Status |Description       |
+------+------------------+-------+---------+-------+------------------+
|1     |multi_driven_nets |      0|        0|Passed |Multi driven nets |
+------+------------------+-------+---------+-------+------------------+
---------------------------------------------------------------------------------
Start Handling Custom Attributes
---------------------------------------------------------------------------------
---------------------------------------------------------------------------------
Finished Handling Custom Attributes : Time (s): cpu = 00:00:06 ; elapsed = 00:00:06 . Memory (MB): peak = 1799.316 ; gain = 0.000
---------------------------------------------------------------------------------
---------------------------------------------------------------------------------
Finished RTL Optimization Phase 1 : Time (s): cpu = 00:00:06 ; elapsed = 00:00:06 . Memory (MB): peak = 1799.316 ; gain = 0.000
---------------------------------------------------------------------------------
INFO: [Project 1-570] Preparing netlist for logic optimization

Processing XDC Constraints
Initializing timing engine
Completed Processing XDC Constraints

INFO: [Opt 31-138] Pushed 0 inverter(s) to 0 load pin(s).
Netlist sorting complete. Time (s): cpu = 00:00:00 ; elapsed = 00:00:00 . Memory (MB): peak = 1799.316 ; gain = 0.000
INFO: [Project 1-111] Unisim Transformation Summary:
No Unisim elements were transformed.

RTL Elaboration Complete:  : Time (s): cpu = 00:00:15 ; elapsed = 00:00:11 . Memory (MB): peak = 1799.316 ; gain = 0.000
26 Infos, 36 Warnings, 0 Critical Warnings and 0 Errors encountered.
synth_design completed successfully
synth_design: Time (s): cpu = 00:00:15 ; elapsed = 00:00:11 . Memory (MB): peak = 1799.316 ; gain = 0.000
close_design
update_compile_order -fileset sources_1
synth_design -rtl -name rtl_1
Command: synth_design -rtl -name rtl_1
Starting synth_design
Using part: xc7vx485tffg1157-1
Top: single_cycle
---------------------------------------------------------------------------------
Starting RTL Elaboration : Time (s): cpu = 00:00:05 ; elapsed = 00:00:05 . Memory (MB): peak = 1799.316 ; gain = 0.000
---------------------------------------------------------------------------------
INFO: [Synth 8-6157] synthesizing module 'single_cycle' [C:/Users/UnitechSolutions/Documents/Vivado xlinx/bsce24054_lab_8_10_11/bsce24054_lab8/bsce24054_lab8.srcs/sources_1/new/single_cycle.v:21]
INFO: [Synth 8-6157] synthesizing module 'pc' [C:/Users/UnitechSolutions/Documents/Vivado xlinx/bsce24054_lab_8_10_11/bsce24054_lab8/bsce24054_lab8.srcs/sources_1/new/program-counterr.v:22]
INFO: [Synth 8-6155] done synthesizing module 'pc' (1#1) [C:/Users/UnitechSolutions/Documents/Vivado xlinx/bsce24054_lab_8_10_11/bsce24054_lab8/bsce24054_lab8.srcs/sources_1/new/program-counterr.v:22]
INFO: [Synth 8-6157] synthesizing module 'instruction_memory' [C:/Users/UnitechSolutions/Documents/Vivado xlinx/bsce24054_lab_8_10_11/bsce24054_lab8/bsce24054_lab8.srcs/sources_1/new/instruction-memory.v:22]
INFO: [Synth 8-6155] done synthesizing module 'instruction_memory' (2#1) [C:/Users/UnitechSolutions/Documents/Vivado xlinx/bsce24054_lab_8_10_11/bsce24054_lab8/bsce24054_lab8.srcs/sources_1/new/instruction-memory.v:22]
INFO: [Synth 8-6157] synthesizing module 'control' [C:/Users/UnitechSolutions/Documents/Vivado xlinx/bsce24054_lab_8_10_11/bsce24054_lab8/bsce24054_lab8.srcs/sources_1/new/control.v:23]
INFO: [Synth 8-155] case statement is not full and has no default [C:/Users/UnitechSolutions/Documents/Vivado xlinx/bsce24054_lab_8_10_11/bsce24054_lab8/bsce24054_lab8.srcs/sources_1/new/control.v:45]
INFO: [Synth 8-6155] done synthesizing module 'control' (3#1) [C:/Users/UnitechSolutions/Documents/Vivado xlinx/bsce24054_lab_8_10_11/bsce24054_lab8/bsce24054_lab8.srcs/sources_1/new/control.v:23]
INFO: [Synth 8-6157] synthesizing module 'register_file' [C:/Users/UnitechSolutions/Documents/Vivado xlinx/bsce24054_lab_8_10_11/bsce24054_lab8/bsce24054_lab8.srcs/sources_1/new/register.v:22]
INFO: [Synth 8-6155] done synthesizing module 'register_file' (4#1) [C:/Users/UnitechSolutions/Documents/Vivado xlinx/bsce24054_lab_8_10_11/bsce24054_lab8/bsce24054_lab8.srcs/sources_1/new/register.v:22]
INFO: [Synth 8-6157] synthesizing module 'adder_32bit' [C:/Users/UnitechSolutions/Documents/Vivado xlinx/bsce24054_lab_8_10_11/bsce24054_lab8/bsce24054_lab8.srcs/sources_1/new/adder.v:22]
INFO: [Synth 8-6155] done synthesizing module 'adder_32bit' (5#1) [C:/Users/UnitechSolutions/Documents/Vivado xlinx/bsce24054_lab_8_10_11/bsce24054_lab8/bsce24054_lab8.srcs/sources_1/new/adder.v:22]
INFO: [Synth 8-6157] synthesizing module 'imm_gen' [C:/Users/UnitechSolutions/Documents/Vivado xlinx/bsce24054_lab_8_10_11/bsce24054_lab8/bsce24054_lab8.srcs/sources_1/new/imm_gen.v:23]
INFO: [Synth 8-6155] done synthesizing module 'imm_gen' (6#1) [C:/Users/UnitechSolutions/Documents/Vivado xlinx/bsce24054_lab_8_10_11/bsce24054_lab8/bsce24054_lab8.srcs/sources_1/new/imm_gen.v:23]
INFO: [Synth 8-6157] synthesizing module 'shift_left1' [C:/Users/UnitechSolutions/Documents/Vivado xlinx/bsce24054_lab_8_10_11/bsce24054_lab8/bsce24054_lab8.srcs/sources_1/new/shift.v:23]
INFO: [Synth 8-6155] done synthesizing module 'shift_left1' (7#1) [C:/Users/UnitechSolutions/Documents/Vivado xlinx/bsce24054_lab_8_10_11/bsce24054_lab8/bsce24054_lab8.srcs/sources_1/new/shift.v:23]
INFO: [Synth 8-6157] synthesizing module 'mux2_1_32bit' [C:/Users/UnitechSolutions/Documents/Vivado xlinx/bsce24054_lab_8_10_11/bsce24054_lab8/bsce24054_lab8.srcs/sources_1/new/multiplexer.v:22]
INFO: [Synth 8-6155] done synthesizing module 'mux2_1_32bit' (8#1) [C:/Users/UnitechSolutions/Documents/Vivado xlinx/bsce24054_lab_8_10_11/bsce24054_lab8/bsce24054_lab8.srcs/sources_1/new/multiplexer.v:22]
INFO: [Synth 8-6157] synthesizing module 'ALU_Control' [C:/Users/UnitechSolutions/Documents/Vivado xlinx/bsce24054_lab_8_10_11/bsce24054_lab8/bsce24054_lab8.srcs/sources_1/new/alu_control.v:22]
INFO: [Synth 8-6155] done synthesizing module 'ALU_Control' (9#1) [C:/Users/UnitechSolutions/Documents/Vivado xlinx/bsce24054_lab_8_10_11/bsce24054_lab8/bsce24054_lab8.srcs/sources_1/new/alu_control.v:22]
INFO: [Synth 8-6157] synthesizing module 'alu' [C:/Users/UnitechSolutions/Documents/Vivado xlinx/bsce24054_lab_8_10_11/bsce24054_lab8/bsce24054_lab8.srcs/sources_1/new/ALU.v:22]
INFO: [Synth 8-6155] done synthesizing module 'alu' (10#1) [C:/Users/UnitechSolutions/Documents/Vivado xlinx/bsce24054_lab_8_10_11/bsce24054_lab8/bsce24054_lab8.srcs/sources_1/new/ALU.v:22]
WARNING: [Synth 8-689] width (4) of port connection 'ALUControl' does not match port width (3) of module 'alu' [C:/Users/UnitechSolutions/Documents/Vivado xlinx/bsce24054_lab_8_10_11/bsce24054_lab8/bsce24054_lab8.srcs/sources_1/new/single_cycle.v:168]
INFO: [Synth 8-6157] synthesizing module 'data_memory' [C:/Users/UnitechSolutions/Documents/Vivado xlinx/bsce24054_lab_8_10_11/bsce24054_lab8/bsce24054_lab8.srcs/sources_1/new/data-memory.v:22]
INFO: [Synth 8-6155] done synthesizing module 'data_memory' (11#1) [C:/Users/UnitechSolutions/Documents/Vivado xlinx/bsce24054_lab_8_10_11/bsce24054_lab8/bsce24054_lab8.srcs/sources_1/new/data-memory.v:22]
INFO: [Synth 8-6155] done synthesizing module 'single_cycle' (12#1) [C:/Users/UnitechSolutions/Documents/Vivado xlinx/bsce24054_lab_8_10_11/bsce24054_lab8/bsce24054_lab8.srcs/sources_1/new/single_cycle.v:21]
WARNING: [Synth 8-3331] design data_memory has unconnected port addr[31]
WARNING: [Synth 8-3331] design data_memory has unconnected port addr[30]
WARNING: [Synth 8-3331] design data_memory has unconnected port addr[29]
WARNING: [Synth 8-3331] design data_memory has unconnected port addr[28]
WARNING: [Synth 8-3331] design data_memory has unconnected port addr[27]
WARNING: [Synth 8-3331] design data_memory has unconnected port addr[26]
WARNING: [Synth 8-3331] design data_memory has unconnected port addr[25]
WARNING: [Synth 8-3331] design data_memory has unconnected port addr[24]
WARNING: [Synth 8-3331] design data_memory has unconnected port addr[23]
WARNING: [Synth 8-3331] design data_memory has unconnected port addr[22]
WARNING: [Synth 8-3331] design data_memory has unconnected port addr[21]
WARNING: [Synth 8-3331] design data_memory has unconnected port addr[20]
WARNING: [Synth 8-3331] design data_memory has unconnected port addr[19]
WARNING: [Synth 8-3331] design data_memory has unconnected port addr[18]
WARNING: [Synth 8-3331] design data_memory has unconnected port addr[17]
WARNING: [Synth 8-3331] design data_memory has unconnected port addr[16]
WARNING: [Synth 8-3331] design data_memory has unconnected port addr[15]
WARNING: [Synth 8-3331] design data_memory has unconnected port addr[14]
WARNING: [Synth 8-3331] design data_memory has unconnected port addr[13]
WARNING: [Synth 8-3331] design data_memory has unconnected port addr[12]
WARNING: [Synth 8-3331] design data_memory has unconnected port addr[11]
WARNING: [Synth 8-3331] design data_memory has unconnected port addr[10]
WARNING: [Synth 8-3331] design data_memory has unconnected port addr[9]
WARNING: [Synth 8-3331] design data_memory has unconnected port addr[8]
WARNING: [Synth 8-3331] design data_memory has unconnected port addr[1]
WARNING: [Synth 8-3331] design data_memory has unconnected port addr[0]
WARNING: [Synth 8-3331] design imm_gen has unconnected port instr[19]
WARNING: [Synth 8-3331] design imm_gen has unconnected port instr[18]
WARNING: [Synth 8-3331] design imm_gen has unconnected port instr[17]
WARNING: [Synth 8-3331] design imm_gen has unconnected port instr[16]
WARNING: [Synth 8-3331] design imm_gen has unconnected port instr[15]
WARNING: [Synth 8-3331] design imm_gen has unconnected port instr[14]
WARNING: [Synth 8-3331] design imm_gen has unconnected port instr[13]
WARNING: [Synth 8-3331] design imm_gen has unconnected port instr[12]
WARNING: [Synth 8-3331] design instruction_memory has unconnected port addr[1]
WARNING: [Synth 8-3331] design instruction_memory has unconnected port addr[0]
---------------------------------------------------------------------------------
Finished RTL Elaboration : Time (s): cpu = 00:00:06 ; elapsed = 00:00:06 . Memory (MB): peak = 1799.316 ; gain = 0.000
---------------------------------------------------------------------------------

Report Check Netlist: 
+------+------------------+-------+---------+-------+------------------+
|      |Item              |Errors |Warnings |Status |Description       |
+------+------------------+-------+---------+-------+------------------+
|1     |multi_driven_nets |      0|        0|Passed |Multi driven nets |
+------+------------------+-------+---------+-------+------------------+
---------------------------------------------------------------------------------
Start Handling Custom Attributes
---------------------------------------------------------------------------------
---------------------------------------------------------------------------------
Finished Handling Custom Attributes : Time (s): cpu = 00:00:06 ; elapsed = 00:00:06 . Memory (MB): peak = 1799.316 ; gain = 0.000
---------------------------------------------------------------------------------
---------------------------------------------------------------------------------
Finished RTL Optimization Phase 1 : Time (s): cpu = 00:00:06 ; elapsed = 00:00:06 . Memory (MB): peak = 1799.316 ; gain = 0.000
---------------------------------------------------------------------------------
INFO: [Project 1-570] Preparing netlist for logic optimization

Processing XDC Constraints
Initializing timing engine
Completed Processing XDC Constraints

INFO: [Opt 31-138] Pushed 0 inverter(s) to 0 load pin(s).
Netlist sorting complete. Time (s): cpu = 00:00:00 ; elapsed = 00:00:00.001 . Memory (MB): peak = 1801.434 ; gain = 0.000
INFO: [Project 1-111] Unisim Transformation Summary:
No Unisim elements were transformed.

RTL Elaboration Complete:  : Time (s): cpu = 00:00:18 ; elapsed = 00:00:12 . Memory (MB): peak = 1801.434 ; gain = 2.117
28 Infos, 37 Warnings, 0 Critical Warnings and 0 Errors encountered.
synth_design completed successfully
synth_design: Time (s): cpu = 00:00:18 ; elapsed = 00:00:12 . Memory (MB): peak = 1801.434 ; gain = 2.117
close_design
synth_design -rtl -name rtl_1
Command: synth_design -rtl -name rtl_1
Starting synth_design
Using part: xc7vx485tffg1157-1
Top: single_cycle
---------------------------------------------------------------------------------
Starting RTL Elaboration : Time (s): cpu = 00:00:04 ; elapsed = 00:00:05 . Memory (MB): peak = 1801.434 ; gain = 0.000
---------------------------------------------------------------------------------
INFO: [Synth 8-6157] synthesizing module 'single_cycle' [C:/Users/UnitechSolutions/Documents/Vivado xlinx/bsce24054_lab_8_10_11/bsce24054_lab8/bsce24054_lab8.srcs/sources_1/new/single_cycle.v:21]
INFO: [Synth 8-6157] synthesizing module 'pc' [C:/Users/UnitechSolutions/Documents/Vivado xlinx/bsce24054_lab_8_10_11/bsce24054_lab8/bsce24054_lab8.srcs/sources_1/new/program-counterr.v:22]
INFO: [Synth 8-6155] done synthesizing module 'pc' (1#1) [C:/Users/UnitechSolutions/Documents/Vivado xlinx/bsce24054_lab_8_10_11/bsce24054_lab8/bsce24054_lab8.srcs/sources_1/new/program-counterr.v:22]
INFO: [Synth 8-6157] synthesizing module 'instruction_memory' [C:/Users/UnitechSolutions/Documents/Vivado xlinx/bsce24054_lab_8_10_11/bsce24054_lab8/bsce24054_lab8.srcs/sources_1/new/instruction-memory.v:22]
INFO: [Synth 8-6155] done synthesizing module 'instruction_memory' (2#1) [C:/Users/UnitechSolutions/Documents/Vivado xlinx/bsce24054_lab_8_10_11/bsce24054_lab8/bsce24054_lab8.srcs/sources_1/new/instruction-memory.v:22]
INFO: [Synth 8-6157] synthesizing module 'control' [C:/Users/UnitechSolutions/Documents/Vivado xlinx/bsce24054_lab_8_10_11/bsce24054_lab8/bsce24054_lab8.srcs/sources_1/new/control.v:23]
INFO: [Synth 8-155] case statement is not full and has no default [C:/Users/UnitechSolutions/Documents/Vivado xlinx/bsce24054_lab_8_10_11/bsce24054_lab8/bsce24054_lab8.srcs/sources_1/new/control.v:45]
INFO: [Synth 8-6155] done synthesizing module 'control' (3#1) [C:/Users/UnitechSolutions/Documents/Vivado xlinx/bsce24054_lab_8_10_11/bsce24054_lab8/bsce24054_lab8.srcs/sources_1/new/control.v:23]
INFO: [Synth 8-6157] synthesizing module 'register_file' [C:/Users/UnitechSolutions/Documents/Vivado xlinx/bsce24054_lab_8_10_11/bsce24054_lab8/bsce24054_lab8.srcs/sources_1/new/register.v:22]
INFO: [Synth 8-6155] done synthesizing module 'register_file' (4#1) [C:/Users/UnitechSolutions/Documents/Vivado xlinx/bsce24054_lab_8_10_11/bsce24054_lab8/bsce24054_lab8.srcs/sources_1/new/register.v:22]
INFO: [Synth 8-6157] synthesizing module 'adder_32bit' [C:/Users/UnitechSolutions/Documents/Vivado xlinx/bsce24054_lab_8_10_11/bsce24054_lab8/bsce24054_lab8.srcs/sources_1/new/adder.v:22]
INFO: [Synth 8-6155] done synthesizing module 'adder_32bit' (5#1) [C:/Users/UnitechSolutions/Documents/Vivado xlinx/bsce24054_lab_8_10_11/bsce24054_lab8/bsce24054_lab8.srcs/sources_1/new/adder.v:22]
INFO: [Synth 8-6157] synthesizing module 'imm_gen' [C:/Users/UnitechSolutions/Documents/Vivado xlinx/bsce24054_lab_8_10_11/bsce24054_lab8/bsce24054_lab8.srcs/sources_1/new/imm_gen.v:23]
INFO: [Synth 8-6155] done synthesizing module 'imm_gen' (6#1) [C:/Users/UnitechSolutions/Documents/Vivado xlinx/bsce24054_lab_8_10_11/bsce24054_lab8/bsce24054_lab8.srcs/sources_1/new/imm_gen.v:23]
INFO: [Synth 8-6157] synthesizing module 'shift_left1' [C:/Users/UnitechSolutions/Documents/Vivado xlinx/bsce24054_lab_8_10_11/bsce24054_lab8/bsce24054_lab8.srcs/sources_1/new/shift.v:23]
INFO: [Synth 8-6155] done synthesizing module 'shift_left1' (7#1) [C:/Users/UnitechSolutions/Documents/Vivado xlinx/bsce24054_lab_8_10_11/bsce24054_lab8/bsce24054_lab8.srcs/sources_1/new/shift.v:23]
INFO: [Synth 8-6157] synthesizing module 'mux2_1_32bit' [C:/Users/UnitechSolutions/Documents/Vivado xlinx/bsce24054_lab_8_10_11/bsce24054_lab8/bsce24054_lab8.srcs/sources_1/new/multiplexer.v:22]
INFO: [Synth 8-6155] done synthesizing module 'mux2_1_32bit' (8#1) [C:/Users/UnitechSolutions/Documents/Vivado xlinx/bsce24054_lab_8_10_11/bsce24054_lab8/bsce24054_lab8.srcs/sources_1/new/multiplexer.v:22]
INFO: [Synth 8-6157] synthesizing module 'ALU_Control' [C:/Users/UnitechSolutions/Documents/Vivado xlinx/bsce24054_lab_8_10_11/bsce24054_lab8/bsce24054_lab8.srcs/sources_1/new/alu_control.v:22]
INFO: [Synth 8-6155] done synthesizing module 'ALU_Control' (9#1) [C:/Users/UnitechSolutions/Documents/Vivado xlinx/bsce24054_lab_8_10_11/bsce24054_lab8/bsce24054_lab8.srcs/sources_1/new/alu_control.v:22]
WARNING: [Synth 8-689] width (7) of port connection 'funct3' does not match port width (3) of module 'ALU_Control' [C:/Users/UnitechSolutions/Documents/Vivado xlinx/bsce24054_lab_8_10_11/bsce24054_lab8/bsce24054_lab8.srcs/sources_1/new/single_cycle.v:159]
INFO: [Synth 8-6157] synthesizing module 'alu' [C:/Users/UnitechSolutions/Documents/Vivado xlinx/bsce24054_lab_8_10_11/bsce24054_lab8/bsce24054_lab8.srcs/sources_1/new/ALU.v:22]
INFO: [Synth 8-6155] done synthesizing module 'alu' (10#1) [C:/Users/UnitechSolutions/Documents/Vivado xlinx/bsce24054_lab_8_10_11/bsce24054_lab8/bsce24054_lab8.srcs/sources_1/new/ALU.v:22]
WARNING: [Synth 8-689] width (4) of port connection 'ALUControl' does not match port width (3) of module 'alu' [C:/Users/UnitechSolutions/Documents/Vivado xlinx/bsce24054_lab_8_10_11/bsce24054_lab8/bsce24054_lab8.srcs/sources_1/new/single_cycle.v:168]
INFO: [Synth 8-6157] synthesizing module 'data_memory' [C:/Users/UnitechSolutions/Documents/Vivado xlinx/bsce24054_lab_8_10_11/bsce24054_lab8/bsce24054_lab8.srcs/sources_1/new/data-memory.v:22]
INFO: [Synth 8-6155] done synthesizing module 'data_memory' (11#1) [C:/Users/UnitechSolutions/Documents/Vivado xlinx/bsce24054_lab_8_10_11/bsce24054_lab8/bsce24054_lab8.srcs/sources_1/new/data-memory.v:22]
INFO: [Synth 8-6155] done synthesizing module 'single_cycle' (12#1) [C:/Users/UnitechSolutions/Documents/Vivado xlinx/bsce24054_lab_8_10_11/bsce24054_lab8/bsce24054_lab8.srcs/sources_1/new/single_cycle.v:21]
WARNING: [Synth 8-3331] design data_memory has unconnected port addr[31]
WARNING: [Synth 8-3331] design data_memory has unconnected port addr[30]
WARNING: [Synth 8-3331] design data_memory has unconnected port addr[29]
WARNING: [Synth 8-3331] design data_memory has unconnected port addr[28]
WARNING: [Synth 8-3331] design data_memory has unconnected port addr[27]
WARNING: [Synth 8-3331] design data_memory has unconnected port addr[26]
WARNING: [Synth 8-3331] design data_memory has unconnected port addr[25]
WARNING: [Synth 8-3331] design data_memory has unconnected port addr[24]
WARNING: [Synth 8-3331] design data_memory has unconnected port addr[23]
WARNING: [Synth 8-3331] design data_memory has unconnected port addr[22]
WARNING: [Synth 8-3331] design data_memory has unconnected port addr[21]
WARNING: [Synth 8-3331] design data_memory has unconnected port addr[20]
WARNING: [Synth 8-3331] design data_memory has unconnected port addr[19]
WARNING: [Synth 8-3331] design data_memory has unconnected port addr[18]
WARNING: [Synth 8-3331] design data_memory has unconnected port addr[17]
WARNING: [Synth 8-3331] design data_memory has unconnected port addr[16]
WARNING: [Synth 8-3331] design data_memory has unconnected port addr[15]
WARNING: [Synth 8-3331] design data_memory has unconnected port addr[14]
WARNING: [Synth 8-3331] design data_memory has unconnected port addr[13]
WARNING: [Synth 8-3331] design data_memory has unconnected port addr[12]
WARNING: [Synth 8-3331] design data_memory has unconnected port addr[11]
WARNING: [Synth 8-3331] design data_memory has unconnected port addr[10]
WARNING: [Synth 8-3331] design data_memory has unconnected port addr[9]
WARNING: [Synth 8-3331] design data_memory has unconnected port addr[8]
WARNING: [Synth 8-3331] design data_memory has unconnected port addr[1]
WARNING: [Synth 8-3331] design data_memory has unconnected port addr[0]
WARNING: [Synth 8-3331] design imm_gen has unconnected port instr[19]
WARNING: [Synth 8-3331] design imm_gen has unconnected port instr[18]
WARNING: [Synth 8-3331] design imm_gen has unconnected port instr[17]
WARNING: [Synth 8-3331] design imm_gen has unconnected port instr[16]
WARNING: [Synth 8-3331] design imm_gen has unconnected port instr[15]
WARNING: [Synth 8-3331] design imm_gen has unconnected port instr[14]
WARNING: [Synth 8-3331] design imm_gen has unconnected port instr[13]
WARNING: [Synth 8-3331] design imm_gen has unconnected port instr[12]
WARNING: [Synth 8-3331] design instruction_memory has unconnected port addr[1]
WARNING: [Synth 8-3331] design instruction_memory has unconnected port addr[0]
---------------------------------------------------------------------------------
Finished RTL Elaboration : Time (s): cpu = 00:00:06 ; elapsed = 00:00:06 . Memory (MB): peak = 1801.434 ; gain = 0.000
---------------------------------------------------------------------------------

Report Check Netlist: 
+------+------------------+-------+---------+-------+------------------+
|      |Item              |Errors |Warnings |Status |Description       |
+------+------------------+-------+---------+-------+------------------+
|1     |multi_driven_nets |      0|        0|Passed |Multi driven nets |
+------+------------------+-------+---------+-------+------------------+
---------------------------------------------------------------------------------
Start Handling Custom Attributes
---------------------------------------------------------------------------------
---------------------------------------------------------------------------------
Finished Handling Custom Attributes : Time (s): cpu = 00:00:06 ; elapsed = 00:00:06 . Memory (MB): peak = 1801.434 ; gain = 0.000
---------------------------------------------------------------------------------
---------------------------------------------------------------------------------
Finished RTL Optimization Phase 1 : Time (s): cpu = 00:00:06 ; elapsed = 00:00:06 . Memory (MB): peak = 1801.434 ; gain = 0.000
---------------------------------------------------------------------------------
INFO: [Project 1-570] Preparing netlist for logic optimization

Processing XDC Constraints
Initializing timing engine
Completed Processing XDC Constraints

INFO: [Opt 31-138] Pushed 0 inverter(s) to 0 load pin(s).
Netlist sorting complete. Time (s): cpu = 00:00:00 ; elapsed = 00:00:00 . Memory (MB): peak = 1814.816 ; gain = 0.000
INFO: [Project 1-111] Unisim Transformation Summary:
No Unisim elements were transformed.

RTL Elaboration Complete:  : Time (s): cpu = 00:00:13 ; elapsed = 00:00:11 . Memory (MB): peak = 1814.816 ; gain = 13.383
28 Infos, 38 Warnings, 0 Critical Warnings and 0 Errors encountered.
synth_design completed successfully
synth_design: Time (s): cpu = 00:00:13 ; elapsed = 00:00:11 . Memory (MB): peak = 1814.816 ; gain = 13.383
close_design
synth_design -rtl -name rtl_1
Command: synth_design -rtl -name rtl_1
Starting synth_design
Using part: xc7vx485tffg1157-1
Top: single_cycle
---------------------------------------------------------------------------------
Starting RTL Elaboration : Time (s): cpu = 00:00:04 ; elapsed = 00:00:05 . Memory (MB): peak = 1818.156 ; gain = 0.000
---------------------------------------------------------------------------------
INFO: [Synth 8-6157] synthesizing module 'single_cycle' [C:/Users/UnitechSolutions/Documents/Vivado xlinx/bsce24054_lab_8_10_11/bsce24054_lab8/bsce24054_lab8.srcs/sources_1/new/single_cycle.v:21]
INFO: [Synth 8-6157] synthesizing module 'pc' [C:/Users/UnitechSolutions/Documents/Vivado xlinx/bsce24054_lab_8_10_11/bsce24054_lab8/bsce24054_lab8.srcs/sources_1/new/program-counterr.v:22]
INFO: [Synth 8-6155] done synthesizing module 'pc' (1#1) [C:/Users/UnitechSolutions/Documents/Vivado xlinx/bsce24054_lab_8_10_11/bsce24054_lab8/bsce24054_lab8.srcs/sources_1/new/program-counterr.v:22]
INFO: [Synth 8-6157] synthesizing module 'instruction_memory' [C:/Users/UnitechSolutions/Documents/Vivado xlinx/bsce24054_lab_8_10_11/bsce24054_lab8/bsce24054_lab8.srcs/sources_1/new/instruction-memory.v:22]
INFO: [Synth 8-6155] done synthesizing module 'instruction_memory' (2#1) [C:/Users/UnitechSolutions/Documents/Vivado xlinx/bsce24054_lab_8_10_11/bsce24054_lab8/bsce24054_lab8.srcs/sources_1/new/instruction-memory.v:22]
INFO: [Synth 8-6157] synthesizing module 'control' [C:/Users/UnitechSolutions/Documents/Vivado xlinx/bsce24054_lab_8_10_11/bsce24054_lab8/bsce24054_lab8.srcs/sources_1/new/control.v:23]
INFO: [Synth 8-155] case statement is not full and has no default [C:/Users/UnitechSolutions/Documents/Vivado xlinx/bsce24054_lab_8_10_11/bsce24054_lab8/bsce24054_lab8.srcs/sources_1/new/control.v:45]
INFO: [Synth 8-6155] done synthesizing module 'control' (3#1) [C:/Users/UnitechSolutions/Documents/Vivado xlinx/bsce24054_lab_8_10_11/bsce24054_lab8/bsce24054_lab8.srcs/sources_1/new/control.v:23]
INFO: [Synth 8-6157] synthesizing module 'register_file' [C:/Users/UnitechSolutions/Documents/Vivado xlinx/bsce24054_lab_8_10_11/bsce24054_lab8/bsce24054_lab8.srcs/sources_1/new/register.v:22]
INFO: [Synth 8-6155] done synthesizing module 'register_file' (4#1) [C:/Users/UnitechSolutions/Documents/Vivado xlinx/bsce24054_lab_8_10_11/bsce24054_lab8/bsce24054_lab8.srcs/sources_1/new/register.v:22]
INFO: [Synth 8-6157] synthesizing module 'adder_32bit' [C:/Users/UnitechSolutions/Documents/Vivado xlinx/bsce24054_lab_8_10_11/bsce24054_lab8/bsce24054_lab8.srcs/sources_1/new/adder.v:22]
INFO: [Synth 8-6155] done synthesizing module 'adder_32bit' (5#1) [C:/Users/UnitechSolutions/Documents/Vivado xlinx/bsce24054_lab_8_10_11/bsce24054_lab8/bsce24054_lab8.srcs/sources_1/new/adder.v:22]
INFO: [Synth 8-6157] synthesizing module 'imm_gen' [C:/Users/UnitechSolutions/Documents/Vivado xlinx/bsce24054_lab_8_10_11/bsce24054_lab8/bsce24054_lab8.srcs/sources_1/new/imm_gen.v:23]
INFO: [Synth 8-6155] done synthesizing module 'imm_gen' (6#1) [C:/Users/UnitechSolutions/Documents/Vivado xlinx/bsce24054_lab_8_10_11/bsce24054_lab8/bsce24054_lab8.srcs/sources_1/new/imm_gen.v:23]
INFO: [Synth 8-6157] synthesizing module 'shift_left1' [C:/Users/UnitechSolutions/Documents/Vivado xlinx/bsce24054_lab_8_10_11/bsce24054_lab8/bsce24054_lab8.srcs/sources_1/new/shift.v:23]
INFO: [Synth 8-6155] done synthesizing module 'shift_left1' (7#1) [C:/Users/UnitechSolutions/Documents/Vivado xlinx/bsce24054_lab_8_10_11/bsce24054_lab8/bsce24054_lab8.srcs/sources_1/new/shift.v:23]
INFO: [Synth 8-6157] synthesizing module 'mux2_1_32bit' [C:/Users/UnitechSolutions/Documents/Vivado xlinx/bsce24054_lab_8_10_11/bsce24054_lab8/bsce24054_lab8.srcs/sources_1/new/multiplexer.v:22]
INFO: [Synth 8-6155] done synthesizing module 'mux2_1_32bit' (8#1) [C:/Users/UnitechSolutions/Documents/Vivado xlinx/bsce24054_lab_8_10_11/bsce24054_lab8/bsce24054_lab8.srcs/sources_1/new/multiplexer.v:22]
INFO: [Synth 8-6157] synthesizing module 'ALU_Control' [C:/Users/UnitechSolutions/Documents/Vivado xlinx/bsce24054_lab_8_10_11/bsce24054_lab8/bsce24054_lab8.srcs/sources_1/new/alu_control.v:22]
INFO: [Synth 8-6155] done synthesizing module 'ALU_Control' (9#1) [C:/Users/UnitechSolutions/Documents/Vivado xlinx/bsce24054_lab_8_10_11/bsce24054_lab8/bsce24054_lab8.srcs/sources_1/new/alu_control.v:22]
INFO: [Synth 8-6157] synthesizing module 'alu' [C:/Users/UnitechSolutions/Documents/Vivado xlinx/bsce24054_lab_8_10_11/bsce24054_lab8/bsce24054_lab8.srcs/sources_1/new/ALU.v:22]
INFO: [Synth 8-6155] done synthesizing module 'alu' (10#1) [C:/Users/UnitechSolutions/Documents/Vivado xlinx/bsce24054_lab_8_10_11/bsce24054_lab8/bsce24054_lab8.srcs/sources_1/new/ALU.v:22]
WARNING: [Synth 8-689] width (4) of port connection 'ALUControl' does not match port width (3) of module 'alu' [C:/Users/UnitechSolutions/Documents/Vivado xlinx/bsce24054_lab_8_10_11/bsce24054_lab8/bsce24054_lab8.srcs/sources_1/new/single_cycle.v:168]
INFO: [Synth 8-6157] synthesizing module 'data_memory' [C:/Users/UnitechSolutions/Documents/Vivado xlinx/bsce24054_lab_8_10_11/bsce24054_lab8/bsce24054_lab8.srcs/sources_1/new/data-memory.v:22]
INFO: [Synth 8-6155] done synthesizing module 'data_memory' (11#1) [C:/Users/UnitechSolutions/Documents/Vivado xlinx/bsce24054_lab_8_10_11/bsce24054_lab8/bsce24054_lab8.srcs/sources_1/new/data-memory.v:22]
INFO: [Synth 8-6155] done synthesizing module 'single_cycle' (12#1) [C:/Users/UnitechSolutions/Documents/Vivado xlinx/bsce24054_lab_8_10_11/bsce24054_lab8/bsce24054_lab8.srcs/sources_1/new/single_cycle.v:21]
WARNING: [Synth 8-3331] design data_memory has unconnected port addr[31]
WARNING: [Synth 8-3331] design data_memory has unconnected port addr[30]
WARNING: [Synth 8-3331] design data_memory has unconnected port addr[29]
WARNING: [Synth 8-3331] design data_memory has unconnected port addr[28]
WARNING: [Synth 8-3331] design data_memory has unconnected port addr[27]
WARNING: [Synth 8-3331] design data_memory has unconnected port addr[26]
WARNING: [Synth 8-3331] design data_memory has unconnected port addr[25]
WARNING: [Synth 8-3331] design data_memory has unconnected port addr[24]
WARNING: [Synth 8-3331] design data_memory has unconnected port addr[23]
WARNING: [Synth 8-3331] design data_memory has unconnected port addr[22]
WARNING: [Synth 8-3331] design data_memory has unconnected port addr[21]
WARNING: [Synth 8-3331] design data_memory has unconnected port addr[20]
WARNING: [Synth 8-3331] design data_memory has unconnected port addr[19]
WARNING: [Synth 8-3331] design data_memory has unconnected port addr[18]
WARNING: [Synth 8-3331] design data_memory has unconnected port addr[17]
WARNING: [Synth 8-3331] design data_memory has unconnected port addr[16]
WARNING: [Synth 8-3331] design data_memory has unconnected port addr[15]
WARNING: [Synth 8-3331] design data_memory has unconnected port addr[14]
WARNING: [Synth 8-3331] design data_memory has unconnected port addr[13]
WARNING: [Synth 8-3331] design data_memory has unconnected port addr[12]
WARNING: [Synth 8-3331] design data_memory has unconnected port addr[11]
WARNING: [Synth 8-3331] design data_memory has unconnected port addr[10]
WARNING: [Synth 8-3331] design data_memory has unconnected port addr[9]
WARNING: [Synth 8-3331] design data_memory has unconnected port addr[8]
WARNING: [Synth 8-3331] design data_memory has unconnected port addr[1]
WARNING: [Synth 8-3331] design data_memory has unconnected port addr[0]
WARNING: [Synth 8-3331] design imm_gen has unconnected port instr[19]
WARNING: [Synth 8-3331] design imm_gen has unconnected port instr[18]
WARNING: [Synth 8-3331] design imm_gen has unconnected port instr[17]
WARNING: [Synth 8-3331] design imm_gen has unconnected port instr[16]
WARNING: [Synth 8-3331] design imm_gen has unconnected port instr[15]
WARNING: [Synth 8-3331] design imm_gen has unconnected port instr[14]
WARNING: [Synth 8-3331] design imm_gen has unconnected port instr[13]
WARNING: [Synth 8-3331] design imm_gen has unconnected port instr[12]
WARNING: [Synth 8-3331] design instruction_memory has unconnected port addr[1]
WARNING: [Synth 8-3331] design instruction_memory has unconnected port addr[0]
---------------------------------------------------------------------------------
Finished RTL Elaboration : Time (s): cpu = 00:00:05 ; elapsed = 00:00:06 . Memory (MB): peak = 1818.156 ; gain = 0.000
---------------------------------------------------------------------------------

Report Check Netlist: 
+------+------------------+-------+---------+-------+------------------+
|      |Item              |Errors |Warnings |Status |Description       |
+------+------------------+-------+---------+-------+------------------+
|1     |multi_driven_nets |      0|        0|Passed |Multi driven nets |
+------+------------------+-------+---------+-------+------------------+
---------------------------------------------------------------------------------
Start Handling Custom Attributes
---------------------------------------------------------------------------------
---------------------------------------------------------------------------------
Finished Handling Custom Attributes : Time (s): cpu = 00:00:06 ; elapsed = 00:00:06 . Memory (MB): peak = 1818.156 ; gain = 0.000
---------------------------------------------------------------------------------
---------------------------------------------------------------------------------
Finished RTL Optimization Phase 1 : Time (s): cpu = 00:00:06 ; elapsed = 00:00:06 . Memory (MB): peak = 1818.156 ; gain = 0.000
---------------------------------------------------------------------------------
INFO: [Project 1-570] Preparing netlist for logic optimization

Processing XDC Constraints
Initializing timing engine
Completed Processing XDC Constraints

INFO: [Opt 31-138] Pushed 0 inverter(s) to 0 load pin(s).
Netlist sorting complete. Time (s): cpu = 00:00:00 ; elapsed = 00:00:00 . Memory (MB): peak = 1830.035 ; gain = 0.000
INFO: [Project 1-111] Unisim Transformation Summary:
No Unisim elements were transformed.

RTL Elaboration Complete:  : Time (s): cpu = 00:00:14 ; elapsed = 00:00:11 . Memory (MB): peak = 1830.035 ; gain = 11.879
28 Infos, 37 Warnings, 0 Critical Warnings and 0 Errors encountered.
synth_design completed successfully
synth_design: Time (s): cpu = 00:00:14 ; elapsed = 00:00:11 . Memory (MB): peak = 1830.035 ; gain = 11.879
close_design
synth_design -rtl -name rtl_1
Command: synth_design -rtl -name rtl_1
Starting synth_design
Using part: xc7vx485tffg1157-1
Top: single_cycle
---------------------------------------------------------------------------------
Starting RTL Elaboration : Time (s): cpu = 00:00:04 ; elapsed = 00:00:05 . Memory (MB): peak = 1861.227 ; gain = 0.000
---------------------------------------------------------------------------------
INFO: [Synth 8-6157] synthesizing module 'single_cycle' [C:/Users/UnitechSolutions/Documents/Vivado xlinx/bsce24054_lab_8_10_11/bsce24054_lab8/bsce24054_lab8.srcs/sources_1/new/single_cycle.v:21]
INFO: [Synth 8-6157] synthesizing module 'pc' [C:/Users/UnitechSolutions/Documents/Vivado xlinx/bsce24054_lab_8_10_11/bsce24054_lab8/bsce24054_lab8.srcs/sources_1/new/program-counterr.v:22]
INFO: [Synth 8-6155] done synthesizing module 'pc' (1#1) [C:/Users/UnitechSolutions/Documents/Vivado xlinx/bsce24054_lab_8_10_11/bsce24054_lab8/bsce24054_lab8.srcs/sources_1/new/program-counterr.v:22]
INFO: [Synth 8-6157] synthesizing module 'instruction_memory' [C:/Users/UnitechSolutions/Documents/Vivado xlinx/bsce24054_lab_8_10_11/bsce24054_lab8/bsce24054_lab8.srcs/sources_1/new/instruction-memory.v:22]
INFO: [Synth 8-6155] done synthesizing module 'instruction_memory' (2#1) [C:/Users/UnitechSolutions/Documents/Vivado xlinx/bsce24054_lab_8_10_11/bsce24054_lab8/bsce24054_lab8.srcs/sources_1/new/instruction-memory.v:22]
INFO: [Synth 8-6157] synthesizing module 'control' [C:/Users/UnitechSolutions/Documents/Vivado xlinx/bsce24054_lab_8_10_11/bsce24054_lab8/bsce24054_lab8.srcs/sources_1/new/control.v:23]
INFO: [Synth 8-155] case statement is not full and has no default [C:/Users/UnitechSolutions/Documents/Vivado xlinx/bsce24054_lab_8_10_11/bsce24054_lab8/bsce24054_lab8.srcs/sources_1/new/control.v:45]
INFO: [Synth 8-6155] done synthesizing module 'control' (3#1) [C:/Users/UnitechSolutions/Documents/Vivado xlinx/bsce24054_lab_8_10_11/bsce24054_lab8/bsce24054_lab8.srcs/sources_1/new/control.v:23]
INFO: [Synth 8-6157] synthesizing module 'register_file' [C:/Users/UnitechSolutions/Documents/Vivado xlinx/bsce24054_lab_8_10_11/bsce24054_lab8/bsce24054_lab8.srcs/sources_1/new/register.v:22]
INFO: [Synth 8-6155] done synthesizing module 'register_file' (4#1) [C:/Users/UnitechSolutions/Documents/Vivado xlinx/bsce24054_lab_8_10_11/bsce24054_lab8/bsce24054_lab8.srcs/sources_1/new/register.v:22]
INFO: [Synth 8-6157] synthesizing module 'adder_32bit' [C:/Users/UnitechSolutions/Documents/Vivado xlinx/bsce24054_lab_8_10_11/bsce24054_lab8/bsce24054_lab8.srcs/sources_1/new/adder.v:22]
INFO: [Synth 8-6155] done synthesizing module 'adder_32bit' (5#1) [C:/Users/UnitechSolutions/Documents/Vivado xlinx/bsce24054_lab_8_10_11/bsce24054_lab8/bsce24054_lab8.srcs/sources_1/new/adder.v:22]
INFO: [Synth 8-6157] synthesizing module 'imm_gen' [C:/Users/UnitechSolutions/Documents/Vivado xlinx/bsce24054_lab_8_10_11/bsce24054_lab8/bsce24054_lab8.srcs/sources_1/new/imm_gen.v:23]
INFO: [Synth 8-6155] done synthesizing module 'imm_gen' (6#1) [C:/Users/UnitechSolutions/Documents/Vivado xlinx/bsce24054_lab_8_10_11/bsce24054_lab8/bsce24054_lab8.srcs/sources_1/new/imm_gen.v:23]
INFO: [Synth 8-6157] synthesizing module 'shift_left1' [C:/Users/UnitechSolutions/Documents/Vivado xlinx/bsce24054_lab_8_10_11/bsce24054_lab8/bsce24054_lab8.srcs/sources_1/new/shift.v:23]
INFO: [Synth 8-6155] done synthesizing module 'shift_left1' (7#1) [C:/Users/UnitechSolutions/Documents/Vivado xlinx/bsce24054_lab_8_10_11/bsce24054_lab8/bsce24054_lab8.srcs/sources_1/new/shift.v:23]
INFO: [Synth 8-6157] synthesizing module 'mux2_1_32bit' [C:/Users/UnitechSolutions/Documents/Vivado xlinx/bsce24054_lab_8_10_11/bsce24054_lab8/bsce24054_lab8.srcs/sources_1/new/multiplexer.v:22]
INFO: [Synth 8-6155] done synthesizing module 'mux2_1_32bit' (8#1) [C:/Users/UnitechSolutions/Documents/Vivado xlinx/bsce24054_lab_8_10_11/bsce24054_lab8/bsce24054_lab8.srcs/sources_1/new/multiplexer.v:22]
INFO: [Synth 8-6157] synthesizing module 'ALU_Control' [C:/Users/UnitechSolutions/Documents/Vivado xlinx/bsce24054_lab_8_10_11/bsce24054_lab8/bsce24054_lab8.srcs/sources_1/new/alu_control.v:22]
INFO: [Synth 8-6155] done synthesizing module 'ALU_Control' (9#1) [C:/Users/UnitechSolutions/Documents/Vivado xlinx/bsce24054_lab_8_10_11/bsce24054_lab8/bsce24054_lab8.srcs/sources_1/new/alu_control.v:22]
INFO: [Synth 8-6157] synthesizing module 'alu' [C:/Users/UnitechSolutions/Documents/Vivado xlinx/bsce24054_lab_8_10_11/bsce24054_lab8/bsce24054_lab8.srcs/sources_1/new/ALU.v:22]
INFO: [Synth 8-6155] done synthesizing module 'alu' (10#1) [C:/Users/UnitechSolutions/Documents/Vivado xlinx/bsce24054_lab_8_10_11/bsce24054_lab8/bsce24054_lab8.srcs/sources_1/new/ALU.v:22]
INFO: [Synth 8-6157] synthesizing module 'data_memory' [C:/Users/UnitechSolutions/Documents/Vivado xlinx/bsce24054_lab_8_10_11/bsce24054_lab8/bsce24054_lab8.srcs/sources_1/new/data-memory.v:22]
INFO: [Synth 8-6155] done synthesizing module 'data_memory' (11#1) [C:/Users/UnitechSolutions/Documents/Vivado xlinx/bsce24054_lab_8_10_11/bsce24054_lab8/bsce24054_lab8.srcs/sources_1/new/data-memory.v:22]
INFO: [Synth 8-6155] done synthesizing module 'single_cycle' (12#1) [C:/Users/UnitechSolutions/Documents/Vivado xlinx/bsce24054_lab_8_10_11/bsce24054_lab8/bsce24054_lab8.srcs/sources_1/new/single_cycle.v:21]
WARNING: [Synth 8-3331] design data_memory has unconnected port addr[31]
WARNING: [Synth 8-3331] design data_memory has unconnected port addr[30]
WARNING: [Synth 8-3331] design data_memory has unconnected port addr[29]
WARNING: [Synth 8-3331] design data_memory has unconnected port addr[28]
WARNING: [Synth 8-3331] design data_memory has unconnected port addr[27]
WARNING: [Synth 8-3331] design data_memory has unconnected port addr[26]
WARNING: [Synth 8-3331] design data_memory has unconnected port addr[25]
WARNING: [Synth 8-3331] design data_memory has unconnected port addr[24]
WARNING: [Synth 8-3331] design data_memory has unconnected port addr[23]
WARNING: [Synth 8-3331] design data_memory has unconnected port addr[22]
WARNING: [Synth 8-3331] design data_memory has unconnected port addr[21]
WARNING: [Synth 8-3331] design data_memory has unconnected port addr[20]
WARNING: [Synth 8-3331] design data_memory has unconnected port addr[19]
WARNING: [Synth 8-3331] design data_memory has unconnected port addr[18]
WARNING: [Synth 8-3331] design data_memory has unconnected port addr[17]
WARNING: [Synth 8-3331] design data_memory has unconnected port addr[16]
WARNING: [Synth 8-3331] design data_memory has unconnected port addr[15]
WARNING: [Synth 8-3331] design data_memory has unconnected port addr[14]
WARNING: [Synth 8-3331] design data_memory has unconnected port addr[13]
WARNING: [Synth 8-3331] design data_memory has unconnected port addr[12]
WARNING: [Synth 8-3331] design data_memory has unconnected port addr[11]
WARNING: [Synth 8-3331] design data_memory has unconnected port addr[10]
WARNING: [Synth 8-3331] design data_memory has unconnected port addr[9]
WARNING: [Synth 8-3331] design data_memory has unconnected port addr[8]
WARNING: [Synth 8-3331] design data_memory has unconnected port addr[1]
WARNING: [Synth 8-3331] design data_memory has unconnected port addr[0]
WARNING: [Synth 8-3331] design imm_gen has unconnected port instr[19]
WARNING: [Synth 8-3331] design imm_gen has unconnected port instr[18]
WARNING: [Synth 8-3331] design imm_gen has unconnected port instr[17]
WARNING: [Synth 8-3331] design imm_gen has unconnected port instr[16]
WARNING: [Synth 8-3331] design imm_gen has unconnected port instr[15]
WARNING: [Synth 8-3331] design imm_gen has unconnected port instr[14]
WARNING: [Synth 8-3331] design imm_gen has unconnected port instr[13]
WARNING: [Synth 8-3331] design imm_gen has unconnected port instr[12]
WARNING: [Synth 8-3331] design instruction_memory has unconnected port addr[1]
WARNING: [Synth 8-3331] design instruction_memory has unconnected port addr[0]
---------------------------------------------------------------------------------
Finished RTL Elaboration : Time (s): cpu = 00:00:05 ; elapsed = 00:00:06 . Memory (MB): peak = 1861.227 ; gain = 0.000
---------------------------------------------------------------------------------

Report Check Netlist: 
+------+------------------+-------+---------+-------+------------------+
|      |Item              |Errors |Warnings |Status |Description       |
+------+------------------+-------+---------+-------+------------------+
|1     |multi_driven_nets |      0|        0|Passed |Multi driven nets |
+------+------------------+-------+---------+-------+------------------+
---------------------------------------------------------------------------------
Start Handling Custom Attributes
---------------------------------------------------------------------------------
---------------------------------------------------------------------------------
Finished Handling Custom Attributes : Time (s): cpu = 00:00:05 ; elapsed = 00:00:06 . Memory (MB): peak = 1861.227 ; gain = 0.000
---------------------------------------------------------------------------------
---------------------------------------------------------------------------------
Finished RTL Optimization Phase 1 : Time (s): cpu = 00:00:05 ; elapsed = 00:00:06 . Memory (MB): peak = 1861.227 ; gain = 0.000
---------------------------------------------------------------------------------
INFO: [Project 1-570] Preparing netlist for logic optimization

Processing XDC Constraints
Initializing timing engine
Completed Processing XDC Constraints

INFO: [Opt 31-138] Pushed 0 inverter(s) to 0 load pin(s).
Netlist sorting complete. Time (s): cpu = 00:00:00 ; elapsed = 00:00:00 . Memory (MB): peak = 1861.227 ; gain = 0.000
INFO: [Project 1-111] Unisim Transformation Summary:
No Unisim elements were transformed.

RTL Elaboration Complete:  : Time (s): cpu = 00:00:12 ; elapsed = 00:00:11 . Memory (MB): peak = 1861.227 ; gain = 0.000
28 Infos, 36 Warnings, 0 Critical Warnings and 0 Errors encountered.
synth_design completed successfully
synth_design: Time (s): cpu = 00:00:12 ; elapsed = 00:00:11 . Memory (MB): peak = 1861.227 ; gain = 0.000
exit
INFO: [Common 17-206] Exiting Vivado at Mon May 11 14:37:31 2026...
