#-----------------------------------------------------------
# Vivado v2019.1 (64-bit)
# SW Build 2552052 on Fri May 24 14:49:42 MDT 2019
# IP Build 2548770 on Fri May 24 18:01:18 MDT 2019
# Start of session at: Mon May  4 15:09:34 2026
# Process ID: 5828
# Current directory: C:/Users/UnitechSolutions/Documents/Vivado xlinx/bsce24054_lab8/bsce24054_lab8
# Command line: vivado.exe -gui_launcher_event rodinguilauncherevent9328 C:\Users\UnitechSolutions\Documents\Vivado xlinx\bsce24054_lab8\bsce24054_lab8\bsce24054_lab8.xpr
# Log file: C:/Users/UnitechSolutions/Documents/Vivado xlinx/bsce24054_lab8/bsce24054_lab8/vivado.log
# Journal file: C:/Users/UnitechSolutions/Documents/Vivado xlinx/bsce24054_lab8/bsce24054_lab8\vivado.jou
#-----------------------------------------------------------
sstart_guiopen_project {C:/Users/UnitechSolutions/Documents/Vivado xlinx/bsce24054_lab8/bsce24054_lab8/bsce24054_lab8.xpr}
Scanning sources...
Finished scanning sources
IINFO: [IP_Flow 19-234] Refreshing IP repositories
INFO: [IP_Flow 19-1704] No user IP repositories specifiedINFO: [IP_Flow 19-2313] Loaded Vivado IP repository 'C:/Xilinx/Vivado/2019.1/data/ip'.
open_project: Time (s): cpu = 00:00:23 ; elapsed = 00:00:25 . Memory (MB): peak = 724.008 ; gain = 140.930
update_compile_order -fileset sources_1
exit
INFO: [Common 17-206] Exiting Vivado at Mon May  4 15:11:28 2026...
